// Jest Snapshot v1, https://goo.gl/fbAQLP

exports[`PostView should render correctly 1`] = `
<Modal
  centered={true}
  closeOnDimmerClick={true}
  closeOnDocumentClick={false}
  dimmer="blurring"
  eventPool="Modal"
  size="large"
  trigger={
    <Header
      as="a"
      onClick={[Function]}
      size="medium"
    >
      <HeaderSubheader>
        yesterday
      </HeaderSubheader>
    </Header>
  }
>
  <ModalHeader>
    breaking
  </ModalHeader>
  <Segment
    style={
      Object {
        "margin": "auto",
        "maxWidth": 400,
      }
    }
  >
    <Image
      as="img"
      size="huge"
      src="image.jpg"
      ui={true}
      wrapped={true}
    />
  </Segment>
  <Divider />
  <ModalContent
    image={true}
    scrolling={true}
  >
    <ModalDescription>
      <Header>
        Comments
      </Header>
      <Connect(CommentContainer) />
    </ModalDescription>
  </ModalContent>
</Modal>
`;
