// Jest Snapshot v1, https://goo.gl/fbAQLP

exports[`ArticlePreview should render correctly 1`] = `
<Grid
  centered={true}
  columns={2}
  relaxed="very"
  stackable={true}
>
  <GridColumn
    style={
      Object {
        "overflowY": "auto",
      }
    }
  >
    <Header
      size="large"
      textAlign="center"
    >
      Trending on Reddit
    </Header>
    <Segment>
      <Feed
        size="large"
      >
        <ArticlePreview
          comments={5}
          icon="reddit"
          image="image.jpg"
          key="www.newyorker.com"
          link="www.newyorker.com"
          postDate={1970-01-18T18:47:03.624Z}
          source="New Yorker"
          title="breaking"
          upVotes={7}
        />
        <Divider
          key="www.newyorker.comdiv"
        />
        <ArticlePreview
          comments={5}
          icon="reddit"
          image="image.jpg"
          key="www.newyorker.com"
          link="www.newyorker.com"
          postDate={1970-01-18T18:47:03.624Z}
          source="New Yorker"
          title="breaking"
          upVotes={7}
        />
        <Divider
          key="www.newyorker.comdiv"
        />
      </Feed>
    </Segment>
  </GridColumn>
</Grid>
`;
