// Jest Snapshot v1, https://goo.gl/fbAQLP

exports[`ArticlePreviewComponent should render correctly 1`] = `
<FeedEvent>
  <FeedContent>
    <Header
      size="tiny"
    >
      New Yorker
    </Header>
    <PostView
      date="yesterday"
      image="image.jpg"
      permalink="www.newyorker.com"
      title="breaking"
    >
      breaking
    </PostView>
    <Divider
      hidden={true}
    />
    <FeedExtra
      style={
        Object {
          "margin": "auto",
          "maxWidth": 400,
        }
      }
    >
      <Image
        as="a"
        fluid={true}
        href="www.newyorker.com"
        src="image.jpg"
        target="_blank"
        ui={true}
      />
    </FeedExtra>
    <FeedMeta>
      <Icon
        as="i"
        color="orange"
        name="arrow up"
      />
      7
      <Icon
        as="i"
        color="green"
        name="comment outline"
      />
      5
    </FeedMeta>
  </FeedContent>
</FeedEvent>
`;
