// Jest Snapshot v1, https://goo.gl/fbAQLP

exports[`ArticlePreviewComponent should render correctly 1`] = `
<FeedEvent>
  <FeedContent>
    <Connect(PostView)
      date="yesterday"
      image="image.jpg"
      permalink="www.newyorker.com"
      title="breaking"
    >
      breaking
    </Connect(PostView)>
    <FeedSummary>
      New Yorker
    </FeedSummary>
    <FeedExtra
      style={
        Object {
          "margin": "auto",
          "maxWidth": 400,
        }
      }
    >
      <Image
        as="a"
        fluid={true}
        href="www.newyorker.com"
        src="image.jpg"
        target="_blank"
        ui={true}
      />
    </FeedExtra>
    <FeedMeta>
      <FeedLike
        as="a"
      >
        <Icon
          as="i"
          name="like"
        />
        7
      </FeedLike>
      <FeedLike
        as="a"
      >
        5
      </FeedLike>
    </FeedMeta>
  </FeedContent>
</FeedEvent>
`;
