// Jest Snapshot v1, https://goo.gl/fbAQLP

exports[`ArticlePreviewComponent should render correctly 1`] = `
<FeedEvent>
  <FeedContent>
    <Header
      as="a"
      content="breaking"
      href="www.newyorker.com"
      icon="newspaper outline"
      size="medium"
      subheader="a day ago"
      target="_blank"
    />
    <FeedSummary>
      New Yorker
    </FeedSummary>
    <FeedExtra
      style={
        Object {
          "margin": "auto",
          "maxWidth": 400,
        }
      }
    >
      <Image
        as="a"
        fluid={true}
        href="www.newyorker.com"
        src="image.jpg"
        target="_blank"
        ui={true}
      />
    </FeedExtra>
    <FeedMeta>
      <FeedLike
        as="a"
      >
        <Icon
          as="i"
          name="like"
        />
        7
      </FeedLike>
      <FeedLike
        as="a"
        onClick={[Function]}
      >
        <PostView
          image="image.jpg"
          title="breaking"
        >
          5
        </PostView>
      </FeedLike>
    </FeedMeta>
  </FeedContent>
</FeedEvent>
`;
